
setchain
=========================
push_transaction {
  "actions": [{
      "account": "eosio.assert",
      "name": "setchain",
      "authorization": [{
          "actor": "eosio",
          "permission": "active"
        }
      ],
      "data": {
        "chain_id": "0123456789ABCDEF0123456789ABCDEF0123456789ABCDEF0123456789ABCDEF",
        "chain_name": "My Mega Sidechain",
        "icon": "BEEFBEEFBEEFBEEFBEEFBEEFBEEFBEEFBEEFBEEFBEEFBEEFBEEFBEEFBEEFBEEF"
      }
    }
  ]
}
transaction pushed
table: eosio.assert eosio.assert chain.params
    add row:
        {
          "chain_id": "0123456789abcdef0123456789abcdef0123456789abcdef0123456789abcdef",
          "chain_name": "My Mega Sidechain",
          "icon": "beefbeefbeefbeefbeefbeefbeefbeefbeefbeefbeefbeefbeefbeefbeefbeef",
          "hash": "a5e2578a54c35885716a63d70d4b51b227d8aa47ad9a3163c733b79160bb513c",
          "next_unique_id": 1
        }

add.manifest: empty
=========================
push_transaction {
  "actions": [{
      "account": "eosio.assert",
      "name": "add.manifest",
      "authorization": [{
          "actor": "dapp1",
          "permission": "active"
        }
      ],
      "data": {
        "account": "dapp1",
        "name": "distributed app 1",
        "domain": "https://nowhere",
        "icon": "0123456789ABCDEF0123456789ABCDEF0123456789ABCDEF0123456789ABCDEF",
        "description": "Something to try",
        "extra.json": "",
        "whitelist": [],
        "blacklist": []
      }
    }
  ]
}
transaction pushed
table: eosio.assert eosio.assert chain.params
    change row:
        {
          "chain_id": "0123456789abcdef0123456789abcdef0123456789abcdef0123456789abcdef",
          "chain_name": "My Mega Sidechain",
          "icon": "beefbeefbeefbeefbeefbeefbeefbeefbeefbeefbeefbeefbeefbeefbeefbeef",
          "hash": "a5e2578a54c35885716a63d70d4b51b227d8aa47ad9a3163c733b79160bb513c",
          "next_unique_id": 2
        }
table: eosio.assert eosio.assert manifests
    add row:
        {
          "unique_id": 1,
          "id": "a3ab27bb8dbb871615707290bae2dbf34b8b49bc0bf5134d1dfd4a536cac8bd4",
          "account": "dapp1",
          "whitelist": [],
          "blacklist": []
        }

require: wrong chain
=========================
push_transaction {
  "actions": [{
      "account": "eosio.assert",
      "name": "require",
      "authorization": [{
          "actor": "user",
          "permission": "active"
        }
      ],
      "data": {
        "chain_params_hash": "0123456789ABCDEF0123456789ABCDEF0123456789ABCDEF0123456789ABCDEF",
        "manifest_id": "BEEFBEEFBEEFBEEFBEEFBEEFBEEFBEEFBEEFBEEFBEEFBEEFBEEFBEEFBEEFBEEF"
      }
    }
  ]
}
Exception: assertion failure with message: Incorrect chain

require: unknown manifest
=========================
push_transaction {
  "actions": [{
      "account": "eosio.assert",
      "name": "require",
      "authorization": [{
          "actor": "user",
          "permission": "active"
        }
      ],
      "data": {
        "chain_params_hash": "a5e2578a54c35885716a63d70d4b51b227d8aa47ad9a3163c733b79160bb513c",
        "manifest_id": "BEEFBEEFBEEFBEEFBEEFBEEFBEEFBEEFBEEFBEEFBEEFBEEFBEEFBEEFBEEFBEEF"
      }
    }
  ]
}
Exception: assertion failure with message: manifest not found

require
=========================
push_transaction {
  "actions": [{
      "account": "eosio.assert",
      "name": "require",
      "authorization": [{
          "actor": "user",
          "permission": "active"
        }
      ],
      "data": {
        "chain_params_hash": "a5e2578a54c35885716a63d70d4b51b227d8aa47ad9a3163c733b79160bb513c",
        "manifest_id": "a3ab27bb8dbb871615707290bae2dbf34b8b49bc0bf5134d1dfd4a536cac8bd4"
      }
    }
  ]
}
transaction pushed
